// Jest Snapshot v1, https://goo.gl/fbAQLP

exports[`Function params and body identifiers are in the same environment 1`] = `
Array [
  Object {
    "callExpression": Object {
      "arguments": Array [
        Object {
          "loc": undefined,
          "type": "Literal",
          "value": 2,
        },
      ],
      "callee": Node {
        "end": 83,
        "loc": SourceLocation {
          "end": Position {
            "column": 1,
            "line": 6,
          },
          "start": Position {
            "column": 0,
            "line": 6,
          },
        },
        "name": "f",
        "start": 82,
        "type": "Identifier",
      },
      "end": 86,
      "loc": SourceLocation {
        "end": Position {
          "column": 4,
          "line": 6,
        },
        "start": Position {
          "column": 0,
          "line": 6,
        },
      },
      "start": 82,
      "type": "CallExpression",
    },
    "head": Object {
      "x": 2,
      "y": 1,
    },
    "name": "f",
    "tail": Object {
      "head": Object {
        "f": [Function],
      },
      "name": "programEnvironment",
      "tail": Object {
        "head": Object {
          "Infinity": Thunk {
            "supplier": [Function],
          },
          "NaN": Thunk {
            "supplier": [Function],
          },
          "display": Thunk {
            "supplier": [Function],
          },
          "draw_data": Thunk {
            "supplier": [Function],
          },
          "error": Thunk {
            "supplier": [Function],
          },
          "head": Thunk {
            "supplier": [Function],
          },
          "is_boolean": Thunk {
            "supplier": [Function],
          },
          "is_function": Thunk {
            "supplier": [Function],
          },
          "is_null": Thunk {
            "supplier": [Function],
          },
          "is_number": Thunk {
            "supplier": [Function],
          },
          "is_pair": Thunk {
            "supplier": [Function],
          },
          "is_string": Thunk {
            "supplier": [Function],
          },
          "is_undefined": Thunk {
            "supplier": [Function],
          },
          "list": Thunk {
            "supplier": [Function],
          },
          "list_to_vector": Thunk {
            "supplier": [Function],
          },
          "math_E": Thunk {
            "supplier": [Function],
          },
          "math_LN10": Thunk {
            "supplier": [Function],
          },
          "math_LN2": Thunk {
            "supplier": [Function],
          },
          "math_LOG10E": Thunk {
            "supplier": [Function],
          },
          "math_LOG2E": Thunk {
            "supplier": [Function],
          },
          "math_PI": Thunk {
            "supplier": [Function],
          },
          "math_SQRT1_2": Thunk {
            "supplier": [Function],
          },
          "math_SQRT2": Thunk {
            "supplier": [Function],
          },
          "math_abs": Thunk {
            "supplier": [Function],
          },
          "math_acos": Thunk {
            "supplier": [Function],
          },
          "math_acosh": Thunk {
            "supplier": [Function],
          },
          "math_asin": Thunk {
            "supplier": [Function],
          },
          "math_asinh": Thunk {
            "supplier": [Function],
          },
          "math_atan": Thunk {
            "supplier": [Function],
          },
          "math_atan2": Thunk {
            "supplier": [Function],
          },
          "math_atanh": Thunk {
            "supplier": [Function],
          },
          "math_cbrt": Thunk {
            "supplier": [Function],
          },
          "math_ceil": Thunk {
            "supplier": [Function],
          },
          "math_clz32": Thunk {
            "supplier": [Function],
          },
          "math_cos": Thunk {
            "supplier": [Function],
          },
          "math_cosh": Thunk {
            "supplier": [Function],
          },
          "math_exp": Thunk {
            "supplier": [Function],
          },
          "math_expm1": Thunk {
            "supplier": [Function],
          },
          "math_floor": Thunk {
            "supplier": [Function],
          },
          "math_fround": Thunk {
            "supplier": [Function],
          },
          "math_hypot": Thunk {
            "supplier": [Function],
          },
          "math_imul": Thunk {
            "supplier": [Function],
          },
          "math_log": Thunk {
            "supplier": [Function],
          },
          "math_log10": Thunk {
            "supplier": [Function],
          },
          "math_log1p": Thunk {
            "supplier": [Function],
          },
          "math_log2": Thunk {
            "supplier": [Function],
          },
          "math_max": Thunk {
            "supplier": [Function],
          },
          "math_min": Thunk {
            "supplier": [Function],
          },
          "math_pow": Thunk {
            "supplier": [Function],
          },
          "math_random": Thunk {
            "supplier": [Function],
          },
          "math_round": Thunk {
            "supplier": [Function],
          },
          "math_sign": Thunk {
            "supplier": [Function],
          },
          "math_sin": Thunk {
            "supplier": [Function],
          },
          "math_sinh": Thunk {
            "supplier": [Function],
          },
          "math_sqrt": Thunk {
            "supplier": [Function],
          },
          "math_tan": Thunk {
            "supplier": [Function],
          },
          "math_tanh": Thunk {
            "supplier": [Function],
          },
          "math_trunc": Thunk {
            "supplier": [Function],
          },
          "pair": Thunk {
            "supplier": [Function],
          },
          "parse_int": Thunk {
            "supplier": [Function],
          },
          "prompt": Thunk {
            "supplier": [Function],
          },
          "raw_display": Thunk {
            "supplier": [Function],
          },
          "runtime": Thunk {
            "supplier": [Function],
          },
          "stringify": Thunk {
            "supplier": [Function],
          },
          "tail": Thunk {
            "supplier": [Function],
          },
          "undefined": Thunk {
            "supplier": [Function],
          },
        },
        "name": "global",
        "tail": null,
      },
      "thisContext": Object {
        "chapter": 4,
        "contextId": 0,
        "debugger": Object {
          "observers": Object {
            "callbacks": Array [],
          },
          "state": Object {
            "it": Object {},
            "scheduler": AsyncScheduler {},
          },
          "status": false,
        },
        "errors": Array [],
        "executionMethod": "auto",
        "externalContext": undefined,
        "externalSymbols": Array [],
        "numberOfOuterEnvironments": 2,
        "prelude": null,
        "runtime": Object {
          "break": false,
          "debuggerOn": true,
          "environments": [Circular],
          "isRunning": false,
          "nodes": Array [
            Node {
              "arguments": Array [
                Node {
                  "end": 85,
                  "loc": SourceLocation {
                    "end": Position {
                      "column": 3,
                      "line": 6,
                    },
                    "start": Position {
                      "column": 2,
                      "line": 6,
                    },
                  },
                  "raw": "2",
                  "start": 84,
                  "type": "Literal",
                  "value": 2,
                },
              ],
              "callee": Node {
                "end": 83,
                "loc": SourceLocation {
                  "end": Position {
                    "column": 1,
                    "line": 6,
                  },
                  "start": Position {
                    "column": 0,
                    "line": 6,
                  },
                },
                "name": "f",
                "start": 82,
                "type": "Identifier",
              },
              "end": 86,
              "loc": SourceLocation {
                "end": Position {
                  "column": 4,
                  "line": 6,
                },
                "start": Position {
                  "column": 0,
                  "line": 6,
                },
              },
              "start": 82,
              "type": "CallExpression",
            },
            Node {
              "end": 87,
              "expression": Node {
                "arguments": Array [
                  Node {
                    "end": 85,
                    "loc": SourceLocation {
                      "end": Position {
                        "column": 3,
                        "line": 6,
                      },
                      "start": Position {
                        "column": 2,
                        "line": 6,
                      },
                    },
                    "raw": "2",
                    "start": 84,
                    "type": "Literal",
                    "value": 2,
                  },
                ],
                "callee": Node {
                  "end": 83,
                  "loc": SourceLocation {
                    "end": Position {
                      "column": 1,
                      "line": 6,
                    },
                    "start": Position {
                      "column": 0,
                      "line": 6,
                    },
                  },
                  "name": "f",
                  "start": 82,
                  "type": "Identifier",
                },
                "end": 86,
                "loc": SourceLocation {
                  "end": Position {
                    "column": 4,
                    "line": 6,
                  },
                  "start": Position {
                    "column": 0,
                    "line": 6,
                  },
                },
                "start": 82,
                "type": "CallExpression",
              },
              "loc": SourceLocation {
                "end": Position {
                  "column": 5,
                  "line": 6,
                },
                "start": Position {
                  "column": 0,
                  "line": 6,
                },
              },
              "start": 82,
              "type": "ExpressionStatement",
            },
            Node {
              "body": Array [
                Node {
                  "body": Node {
                    "body": Array [
                      Node {
                        "declarations": Array [
                          Node {
                            "end": 29,
                            "id": Node {
                              "end": 25,
                              "loc": SourceLocation {
                                "end": Position {
                                  "column": 9,
                                  "line": 2,
                                },
                                "start": Position {
                                  "column": 8,
                                  "line": 2,
                                },
                              },
                              "name": "y",
                              "start": 24,
                              "type": "Identifier",
                            },
                            "init": Node {
                              "end": 29,
                              "loc": SourceLocation {
                                "end": Position {
                                  "column": 13,
                                  "line": 2,
                                },
                                "start": Position {
                                  "column": 12,
                                  "line": 2,
                                },
                              },
                              "raw": "1",
                              "start": 28,
                              "type": "Literal",
                              "value": 1,
                            },
                            "loc": SourceLocation {
                              "end": Position {
                                "column": 13,
                                "line": 2,
                              },
                              "start": Position {
                                "column": 8,
                                "line": 2,
                              },
                            },
                            "start": 24,
                            "type": "VariableDeclarator",
                          },
                        ],
                        "end": 30,
                        "kind": "const",
                        "loc": SourceLocation {
                          "end": Position {
                            "column": 14,
                            "line": 2,
                          },
                          "start": Position {
                            "column": 2,
                            "line": 2,
                          },
                        },
                        "start": 18,
                        "type": "VariableDeclaration",
                      },
                      Node {
                        "argument": Node {
                          "end": 78,
                          "loc": SourceLocation {
                            "end": Position {
                              "column": 10,
                              "line": 4,
                            },
                            "start": Position {
                              "column": 9,
                              "line": 4,
                            },
                          },
                          "name": "x",
                          "start": 77,
                          "type": "Identifier",
                        },
                        "end": 79,
                        "loc": SourceLocation {
                          "end": Position {
                            "column": 11,
                            "line": 4,
                          },
                          "start": Position {
                            "column": 2,
                            "line": 4,
                          },
                        },
                        "start": 70,
                        "type": "ReturnStatement",
                      },
                    ],
                    "end": 81,
                    "loc": SourceLocation {
                      "end": Position {
                        "column": 1,
                        "line": 5,
                      },
                      "start": Position {
                        "column": 14,
                        "line": 1,
                      },
                    },
                    "start": 14,
                    "type": "BlockStatement",
                  },
                  "end": 81,
                  "expression": false,
                  "generator": false,
                  "id": Node {
                    "end": 10,
                    "loc": SourceLocation {
                      "end": Position {
                        "column": 10,
                        "line": 1,
                      },
                      "start": Position {
                        "column": 9,
                        "line": 1,
                      },
                    },
                    "name": "f",
                    "start": 9,
                    "type": "Identifier",
                  },
                  "loc": SourceLocation {
                    "end": Position {
                      "column": 1,
                      "line": 5,
                    },
                    "start": Position {
                      "column": 0,
                      "line": 1,
                    },
                  },
                  "params": Array [
                    Node {
                      "end": 12,
                      "loc": SourceLocation {
                        "end": Position {
                          "column": 12,
                          "line": 1,
                        },
                        "start": Position {
                          "column": 11,
                          "line": 1,
                        },
                      },
                      "name": "x",
                      "start": 11,
                      "type": "Identifier",
                    },
                  ],
                  "start": 0,
                  "type": "FunctionDeclaration",
                },
                Node {
                  "end": 87,
                  "expression": Node {
                    "arguments": Array [
                      Node {
                        "end": 85,
                        "loc": SourceLocation {
                          "end": Position {
                            "column": 3,
                            "line": 6,
                          },
                          "start": Position {
                            "column": 2,
                            "line": 6,
                          },
                        },
                        "raw": "2",
                        "start": 84,
                        "type": "Literal",
                        "value": 2,
                      },
                    ],
                    "callee": Node {
                      "end": 83,
                      "loc": SourceLocation {
                        "end": Position {
                          "column": 1,
                          "line": 6,
                        },
                        "start": Position {
                          "column": 0,
                          "line": 6,
                        },
                      },
                      "name": "f",
                      "start": 82,
                      "type": "Identifier",
                    },
                    "end": 86,
                    "loc": SourceLocation {
                      "end": Position {
                        "column": 4,
                        "line": 6,
                      },
                      "start": Position {
                        "column": 0,
                        "line": 6,
                      },
                    },
                    "start": 82,
                    "type": "CallExpression",
                  },
                  "loc": SourceLocation {
                    "end": Position {
                      "column": 5,
                      "line": 6,
                    },
                    "start": Position {
                      "column": 0,
                      "line": 6,
                    },
                  },
                  "start": 82,
                  "type": "ExpressionStatement",
                },
              ],
              "end": 87,
              "loc": SourceLocation {
                "end": Position {
                  "column": 5,
                  "line": 6,
                },
                "start": Position {
                  "column": 0,
                  "line": 1,
                },
              },
              "sourceType": "module",
              "start": 0,
              "type": "Program",
            },
          ],
          "value": undefined,
        },
        "variant": "default",
      },
    },
    "thisContext": undefined,
  },
  Object {
    "head": Object {
      "f": [Function],
    },
    "name": "programEnvironment",
    "tail": Object {
      "head": Object {
        "Infinity": Thunk {
          "supplier": [Function],
        },
        "NaN": Thunk {
          "supplier": [Function],
        },
        "display": Thunk {
          "supplier": [Function],
        },
        "draw_data": Thunk {
          "supplier": [Function],
        },
        "error": Thunk {
          "supplier": [Function],
        },
        "head": Thunk {
          "supplier": [Function],
        },
        "is_boolean": Thunk {
          "supplier": [Function],
        },
        "is_function": Thunk {
          "supplier": [Function],
        },
        "is_null": Thunk {
          "supplier": [Function],
        },
        "is_number": Thunk {
          "supplier": [Function],
        },
        "is_pair": Thunk {
          "supplier": [Function],
        },
        "is_string": Thunk {
          "supplier": [Function],
        },
        "is_undefined": Thunk {
          "supplier": [Function],
        },
        "list": Thunk {
          "supplier": [Function],
        },
        "list_to_vector": Thunk {
          "supplier": [Function],
        },
        "math_E": Thunk {
          "supplier": [Function],
        },
        "math_LN10": Thunk {
          "supplier": [Function],
        },
        "math_LN2": Thunk {
          "supplier": [Function],
        },
        "math_LOG10E": Thunk {
          "supplier": [Function],
        },
        "math_LOG2E": Thunk {
          "supplier": [Function],
        },
        "math_PI": Thunk {
          "supplier": [Function],
        },
        "math_SQRT1_2": Thunk {
          "supplier": [Function],
        },
        "math_SQRT2": Thunk {
          "supplier": [Function],
        },
        "math_abs": Thunk {
          "supplier": [Function],
        },
        "math_acos": Thunk {
          "supplier": [Function],
        },
        "math_acosh": Thunk {
          "supplier": [Function],
        },
        "math_asin": Thunk {
          "supplier": [Function],
        },
        "math_asinh": Thunk {
          "supplier": [Function],
        },
        "math_atan": Thunk {
          "supplier": [Function],
        },
        "math_atan2": Thunk {
          "supplier": [Function],
        },
        "math_atanh": Thunk {
          "supplier": [Function],
        },
        "math_cbrt": Thunk {
          "supplier": [Function],
        },
        "math_ceil": Thunk {
          "supplier": [Function],
        },
        "math_clz32": Thunk {
          "supplier": [Function],
        },
        "math_cos": Thunk {
          "supplier": [Function],
        },
        "math_cosh": Thunk {
          "supplier": [Function],
        },
        "math_exp": Thunk {
          "supplier": [Function],
        },
        "math_expm1": Thunk {
          "supplier": [Function],
        },
        "math_floor": Thunk {
          "supplier": [Function],
        },
        "math_fround": Thunk {
          "supplier": [Function],
        },
        "math_hypot": Thunk {
          "supplier": [Function],
        },
        "math_imul": Thunk {
          "supplier": [Function],
        },
        "math_log": Thunk {
          "supplier": [Function],
        },
        "math_log10": Thunk {
          "supplier": [Function],
        },
        "math_log1p": Thunk {
          "supplier": [Function],
        },
        "math_log2": Thunk {
          "supplier": [Function],
        },
        "math_max": Thunk {
          "supplier": [Function],
        },
        "math_min": Thunk {
          "supplier": [Function],
        },
        "math_pow": Thunk {
          "supplier": [Function],
        },
        "math_random": Thunk {
          "supplier": [Function],
        },
        "math_round": Thunk {
          "supplier": [Function],
        },
        "math_sign": Thunk {
          "supplier": [Function],
        },
        "math_sin": Thunk {
          "supplier": [Function],
        },
        "math_sinh": Thunk {
          "supplier": [Function],
        },
        "math_sqrt": Thunk {
          "supplier": [Function],
        },
        "math_tan": Thunk {
          "supplier": [Function],
        },
        "math_tanh": Thunk {
          "supplier": [Function],
        },
        "math_trunc": Thunk {
          "supplier": [Function],
        },
        "pair": Thunk {
          "supplier": [Function],
        },
        "parse_int": Thunk {
          "supplier": [Function],
        },
        "prompt": Thunk {
          "supplier": [Function],
        },
        "raw_display": Thunk {
          "supplier": [Function],
        },
        "runtime": Thunk {
          "supplier": [Function],
        },
        "stringify": Thunk {
          "supplier": [Function],
        },
        "tail": Thunk {
          "supplier": [Function],
        },
        "undefined": Thunk {
          "supplier": [Function],
        },
      },
      "name": "global",
      "tail": null,
    },
    "thisContext": Object {
      "chapter": 4,
      "contextId": 0,
      "debugger": Object {
        "observers": Object {
          "callbacks": Array [],
        },
        "state": Object {
          "it": Object {},
          "scheduler": AsyncScheduler {},
        },
        "status": false,
      },
      "errors": Array [],
      "executionMethod": "auto",
      "externalContext": undefined,
      "externalSymbols": Array [],
      "numberOfOuterEnvironments": 2,
      "prelude": null,
      "runtime": Object {
        "break": false,
        "debuggerOn": true,
        "environments": [Circular],
        "isRunning": false,
        "nodes": Array [
          Node {
            "arguments": Array [
              Node {
                "end": 85,
                "loc": SourceLocation {
                  "end": Position {
                    "column": 3,
                    "line": 6,
                  },
                  "start": Position {
                    "column": 2,
                    "line": 6,
                  },
                },
                "raw": "2",
                "start": 84,
                "type": "Literal",
                "value": 2,
              },
            ],
            "callee": Node {
              "end": 83,
              "loc": SourceLocation {
                "end": Position {
                  "column": 1,
                  "line": 6,
                },
                "start": Position {
                  "column": 0,
                  "line": 6,
                },
              },
              "name": "f",
              "start": 82,
              "type": "Identifier",
            },
            "end": 86,
            "loc": SourceLocation {
              "end": Position {
                "column": 4,
                "line": 6,
              },
              "start": Position {
                "column": 0,
                "line": 6,
              },
            },
            "start": 82,
            "type": "CallExpression",
          },
          Node {
            "end": 87,
            "expression": Node {
              "arguments": Array [
                Node {
                  "end": 85,
                  "loc": SourceLocation {
                    "end": Position {
                      "column": 3,
                      "line": 6,
                    },
                    "start": Position {
                      "column": 2,
                      "line": 6,
                    },
                  },
                  "raw": "2",
                  "start": 84,
                  "type": "Literal",
                  "value": 2,
                },
              ],
              "callee": Node {
                "end": 83,
                "loc": SourceLocation {
                  "end": Position {
                    "column": 1,
                    "line": 6,
                  },
                  "start": Position {
                    "column": 0,
                    "line": 6,
                  },
                },
                "name": "f",
                "start": 82,
                "type": "Identifier",
              },
              "end": 86,
              "loc": SourceLocation {
                "end": Position {
                  "column": 4,
                  "line": 6,
                },
                "start": Position {
                  "column": 0,
                  "line": 6,
                },
              },
              "start": 82,
              "type": "CallExpression",
            },
            "loc": SourceLocation {
              "end": Position {
                "column": 5,
                "line": 6,
              },
              "start": Position {
                "column": 0,
                "line": 6,
              },
            },
            "start": 82,
            "type": "ExpressionStatement",
          },
          Node {
            "body": Array [
              Node {
                "body": Node {
                  "body": Array [
                    Node {
                      "declarations": Array [
                        Node {
                          "end": 29,
                          "id": Node {
                            "end": 25,
                            "loc": SourceLocation {
                              "end": Position {
                                "column": 9,
                                "line": 2,
                              },
                              "start": Position {
                                "column": 8,
                                "line": 2,
                              },
                            },
                            "name": "y",
                            "start": 24,
                            "type": "Identifier",
                          },
                          "init": Node {
                            "end": 29,
                            "loc": SourceLocation {
                              "end": Position {
                                "column": 13,
                                "line": 2,
                              },
                              "start": Position {
                                "column": 12,
                                "line": 2,
                              },
                            },
                            "raw": "1",
                            "start": 28,
                            "type": "Literal",
                            "value": 1,
                          },
                          "loc": SourceLocation {
                            "end": Position {
                              "column": 13,
                              "line": 2,
                            },
                            "start": Position {
                              "column": 8,
                              "line": 2,
                            },
                          },
                          "start": 24,
                          "type": "VariableDeclarator",
                        },
                      ],
                      "end": 30,
                      "kind": "const",
                      "loc": SourceLocation {
                        "end": Position {
                          "column": 14,
                          "line": 2,
                        },
                        "start": Position {
                          "column": 2,
                          "line": 2,
                        },
                      },
                      "start": 18,
                      "type": "VariableDeclaration",
                    },
                    Node {
                      "argument": Node {
                        "end": 78,
                        "loc": SourceLocation {
                          "end": Position {
                            "column": 10,
                            "line": 4,
                          },
                          "start": Position {
                            "column": 9,
                            "line": 4,
                          },
                        },
                        "name": "x",
                        "start": 77,
                        "type": "Identifier",
                      },
                      "end": 79,
                      "loc": SourceLocation {
                        "end": Position {
                          "column": 11,
                          "line": 4,
                        },
                        "start": Position {
                          "column": 2,
                          "line": 4,
                        },
                      },
                      "start": 70,
                      "type": "ReturnStatement",
                    },
                  ],
                  "end": 81,
                  "loc": SourceLocation {
                    "end": Position {
                      "column": 1,
                      "line": 5,
                    },
                    "start": Position {
                      "column": 14,
                      "line": 1,
                    },
                  },
                  "start": 14,
                  "type": "BlockStatement",
                },
                "end": 81,
                "expression": false,
                "generator": false,
                "id": Node {
                  "end": 10,
                  "loc": SourceLocation {
                    "end": Position {
                      "column": 10,
                      "line": 1,
                    },
                    "start": Position {
                      "column": 9,
                      "line": 1,
                    },
                  },
                  "name": "f",
                  "start": 9,
                  "type": "Identifier",
                },
                "loc": SourceLocation {
                  "end": Position {
                    "column": 1,
                    "line": 5,
                  },
                  "start": Position {
                    "column": 0,
                    "line": 1,
                  },
                },
                "params": Array [
                  Node {
                    "end": 12,
                    "loc": SourceLocation {
                      "end": Position {
                        "column": 12,
                        "line": 1,
                      },
                      "start": Position {
                        "column": 11,
                        "line": 1,
                      },
                    },
                    "name": "x",
                    "start": 11,
                    "type": "Identifier",
                  },
                ],
                "start": 0,
                "type": "FunctionDeclaration",
              },
              Node {
                "end": 87,
                "expression": Node {
                  "arguments": Array [
                    Node {
                      "end": 85,
                      "loc": SourceLocation {
                        "end": Position {
                          "column": 3,
                          "line": 6,
                        },
                        "start": Position {
                          "column": 2,
                          "line": 6,
                        },
                      },
                      "raw": "2",
                      "start": 84,
                      "type": "Literal",
                      "value": 2,
                    },
                  ],
                  "callee": Node {
                    "end": 83,
                    "loc": SourceLocation {
                      "end": Position {
                        "column": 1,
                        "line": 6,
                      },
                      "start": Position {
                        "column": 0,
                        "line": 6,
                      },
                    },
                    "name": "f",
                    "start": 82,
                    "type": "Identifier",
                  },
                  "end": 86,
                  "loc": SourceLocation {
                    "end": Position {
                      "column": 4,
                      "line": 6,
                    },
                    "start": Position {
                      "column": 0,
                      "line": 6,
                    },
                  },
                  "start": 82,
                  "type": "CallExpression",
                },
                "loc": SourceLocation {
                  "end": Position {
                    "column": 5,
                    "line": 6,
                  },
                  "start": Position {
                    "column": 0,
                    "line": 6,
                  },
                },
                "start": 82,
                "type": "ExpressionStatement",
              },
            ],
            "end": 87,
            "loc": SourceLocation {
              "end": Position {
                "column": 5,
                "line": 6,
              },
              "start": Position {
                "column": 0,
                "line": 1,
              },
            },
            "sourceType": "module",
            "start": 0,
            "type": "Program",
          },
        ],
        "value": undefined,
      },
      "variant": "default",
    },
  },
  Object {
    "head": Object {
      "Infinity": Thunk {
        "supplier": [Function],
      },
      "NaN": Thunk {
        "supplier": [Function],
      },
      "display": Thunk {
        "supplier": [Function],
      },
      "draw_data": Thunk {
        "supplier": [Function],
      },
      "error": Thunk {
        "supplier": [Function],
      },
      "head": Thunk {
        "supplier": [Function],
      },
      "is_boolean": Thunk {
        "supplier": [Function],
      },
      "is_function": Thunk {
        "supplier": [Function],
      },
      "is_null": Thunk {
        "supplier": [Function],
      },
      "is_number": Thunk {
        "supplier": [Function],
      },
      "is_pair": Thunk {
        "supplier": [Function],
      },
      "is_string": Thunk {
        "supplier": [Function],
      },
      "is_undefined": Thunk {
        "supplier": [Function],
      },
      "list": Thunk {
        "supplier": [Function],
      },
      "list_to_vector": Thunk {
        "supplier": [Function],
      },
      "math_E": Thunk {
        "supplier": [Function],
      },
      "math_LN10": Thunk {
        "supplier": [Function],
      },
      "math_LN2": Thunk {
        "supplier": [Function],
      },
      "math_LOG10E": Thunk {
        "supplier": [Function],
      },
      "math_LOG2E": Thunk {
        "supplier": [Function],
      },
      "math_PI": Thunk {
        "supplier": [Function],
      },
      "math_SQRT1_2": Thunk {
        "supplier": [Function],
      },
      "math_SQRT2": Thunk {
        "supplier": [Function],
      },
      "math_abs": Thunk {
        "supplier": [Function],
      },
      "math_acos": Thunk {
        "supplier": [Function],
      },
      "math_acosh": Thunk {
        "supplier": [Function],
      },
      "math_asin": Thunk {
        "supplier": [Function],
      },
      "math_asinh": Thunk {
        "supplier": [Function],
      },
      "math_atan": Thunk {
        "supplier": [Function],
      },
      "math_atan2": Thunk {
        "supplier": [Function],
      },
      "math_atanh": Thunk {
        "supplier": [Function],
      },
      "math_cbrt": Thunk {
        "supplier": [Function],
      },
      "math_ceil": Thunk {
        "supplier": [Function],
      },
      "math_clz32": Thunk {
        "supplier": [Function],
      },
      "math_cos": Thunk {
        "supplier": [Function],
      },
      "math_cosh": Thunk {
        "supplier": [Function],
      },
      "math_exp": Thunk {
        "supplier": [Function],
      },
      "math_expm1": Thunk {
        "supplier": [Function],
      },
      "math_floor": Thunk {
        "supplier": [Function],
      },
      "math_fround": Thunk {
        "supplier": [Function],
      },
      "math_hypot": Thunk {
        "supplier": [Function],
      },
      "math_imul": Thunk {
        "supplier": [Function],
      },
      "math_log": Thunk {
        "supplier": [Function],
      },
      "math_log10": Thunk {
        "supplier": [Function],
      },
      "math_log1p": Thunk {
        "supplier": [Function],
      },
      "math_log2": Thunk {
        "supplier": [Function],
      },
      "math_max": Thunk {
        "supplier": [Function],
      },
      "math_min": Thunk {
        "supplier": [Function],
      },
      "math_pow": Thunk {
        "supplier": [Function],
      },
      "math_random": Thunk {
        "supplier": [Function],
      },
      "math_round": Thunk {
        "supplier": [Function],
      },
      "math_sign": Thunk {
        "supplier": [Function],
      },
      "math_sin": Thunk {
        "supplier": [Function],
      },
      "math_sinh": Thunk {
        "supplier": [Function],
      },
      "math_sqrt": Thunk {
        "supplier": [Function],
      },
      "math_tan": Thunk {
        "supplier": [Function],
      },
      "math_tanh": Thunk {
        "supplier": [Function],
      },
      "math_trunc": Thunk {
        "supplier": [Function],
      },
      "pair": Thunk {
        "supplier": [Function],
      },
      "parse_int": Thunk {
        "supplier": [Function],
      },
      "prompt": Thunk {
        "supplier": [Function],
      },
      "raw_display": Thunk {
        "supplier": [Function],
      },
      "runtime": Thunk {
        "supplier": [Function],
      },
      "stringify": Thunk {
        "supplier": [Function],
      },
      "tail": Thunk {
        "supplier": [Function],
      },
      "undefined": Thunk {
        "supplier": [Function],
      },
    },
    "name": "global",
    "tail": null,
  },
]
`;
